// Jest Snapshot v1, https://goo.gl/fbAQLP

exports[`The sub modules should render and match previous snapshots 1`] = `
<div
  className="css-4ngnmx"
>
  <span>
    <a
      href="/module/2/article/1"
    >
      Article
    </a>
  </span>
  <span />
</div>
`;
