// Jest Snapshot v1, https://goo.gl/fbAQLP

exports[`The sub modules should render and match previous snapshots 1`] = `
<div>
  <div
    class="css-1l0pjoz"
  >
    <svg
      class="chakra-icon css-1anit53"
      focusable="false"
      viewBox="0 0 24 24"
    >
      <path
        d="M23.555,8.729a1.505,1.505,0,0,0-1.406-.98H16.062a.5.5,0,0,1-.472-.334L13.405,1.222a1.5,1.5,0,0,0-2.81,0l-.005.016L8.41,7.415a.5.5,0,0,1-.471.334H1.85A1.5,1.5,0,0,0,.887,10.4l5.184,4.3a.5.5,0,0,1,.155.543L4.048,21.774a1.5,1.5,0,0,0,2.31,1.684l5.346-3.92a.5.5,0,0,1,.591,0l5.344,3.919a1.5,1.5,0,0,0,2.312-1.683l-2.178-6.535a.5.5,0,0,1,.155-.543l5.194-4.306A1.5,1.5,0,0,0,23.555,8.729Z"
        fill="currentColor"
      />
    </svg>
    <div
      class="chakra-stack css-2y5ch"
    >
      <div
        class="css-gg4vpm"
      >
        <a
          class="chakra-link css-1e0lkyp"
        >
          <p
            class="chakra-text css-0"
          >
            Article: article
          </p>
        </a>
        <a
          class="chakra-link css-2izbe"
          hovercolor="rgba(84,143,155)"
        >
          <a
            class="chakra-link css-f4h6uy"
            href="/module/2/article/1"
          >
            <svg
              data-testid="submodule_play_icon"
              fill="currentColor"
              height="1em"
              stroke="currentColor"
              stroke-width="0"
              viewBox="0 0 16 16"
              width="1em"
              xmlns="http://www.w3.org/2000/svg"
            >
              <path
                d="M8 15A7 7 0 1 1 8 1a7 7 0 0 1 0 14zm0 1A8 8 0 1 0 8 0a8 8 0 0 0 0 16z"
              />
              <path
                d="M6.271 5.055a.5.5 0 0 1 .52.038l3.5 2.5a.5.5 0 0 1 0 .814l-3.5 2.5A.5.5 0 0 1 6 10.5v-5a.5.5 0 0 1 .271-.445z"
              />
            </svg>
          </a>
        </a>
      </div>
      <div
        class="chakra-collapse"
        color="white"
        style="overflow: initial; display: block; opacity: 1; height: auto;"
      >
        <p
          class="chakra-text css-12txp0z"
        >
          this is an introduction
        </p>
      </div>
      <hr
        aria-orientation="horizontal"
        class="chakra-divider css-svjswr"
      />
    </div>
  </div>
</div>
`;
