// Jest Snapshot v1, https://goo.gl/fbAQLP

exports[`The Module List should render and match snapshot 1`] = `
<div>
  <div
    class="css-1oqmqkw"
  >
    <div
      class="css-1djaw1e"
    >
      <div
        class="css-mo2z4l"
      >
        <div
          class="chakra-stack css-zihvxp"
        >
          <h2
            class="chakra-heading css-r0uwm9"
          >
            Hi there!
          </h2>
          <p
            class="chakra-text css-1c395im"
          >
            intro You can click on each moduleâ€™s chevron to see its submodules. You must go through
                the modules and their submodules in order. To start or revisit a submodule, click 
            <span>
              <svg
                fill="currentColor"
                height="1em"
                stroke="currentColor"
                stroke-width="0"
                style="display: inline;"
                viewBox="0 0 16 16"
                width="1em"
                xmlns="http://www.w3.org/2000/svg"
              >
                <path
                  d="M8 15A7 7 0 1 1 8 1a7 7 0 0 1 0 14zm0 1A8 8 0 1 0 8 0a8 8 0 0 0 0 16z"
                />
                <path
                  d="M6.271 5.055a.5.5 0 0 1 .52.038l3.5 2.5a.5.5 0 0 1 0 .814l-3.5 2.5A.5.5 0 0 1 6 10.5v-5a.5.5 0 0 1 .271-.445z"
                />
              </svg>
            </span>
             button.
          </p>
        </div>
      </div>
    </div>
    <div
      class="css-t5uauj"
    />
  </div>
</div>
`;
